Downloading https://services.gradle.org/distributions/gradle-9.7.1-bin.zip
..............10%..............20%...............30%..............40%...............50%..............60%...............70%..............80%..............90%...............100%

Welcome to Gradle 9.7.1!

Here are the highlights of this release:
 - Isolated Projects graduates to incubating
 - Broader Configuration Cache compatibility
 - Resilient Sync helps you fix broken builds
 - More source locations in problem reports

For more details see https://docs.gradle.org/9.7.1/release-notes.html

Starting a Gradle Daemon (subsequent builds will be faster)

> Configure project :app
WARNING: The option setting 'android.usesSdkInManifest.disallowed=false' is deprecated.
The current default is 'true'.
It will be removed in version 10.0 of the Android Gradle plugin.
Add android.sync.suppressAgpWarnings=UNSUPPORTED_PROJECT_OPTION_USE to the gradle.properties file to suppress this warning.
WARNING: The option setting 'android.sdk.defaultTargetSdkToCompileSdkIfUnset=false' is deprecated.
The current default is 'true'.
It will be removed in version 10.0 of the Android Gradle plugin.
Add android.sync.suppressAgpWarnings=UNSUPPORTED_PROJECT_OPTION_USE to the gradle.properties file to suppress this warning.
WARNING: The option setting 'android.builtInKotlin=false' is deprecated.
The current default is 'true'.
It will be removed in version 10.0 of the Android Gradle plugin.
Add android.sync.suppressAgpWarnings=UNSUPPORTED_PROJECT_OPTION_USE to the gradle.properties file to suppress this warning.
WARNING: The option setting 'android.newDsl=false' is deprecated.
The current default is 'true'.
It will be removed in version 10.0 of the Android Gradle plugin.
Add android.sync.suppressAgpWarnings=UNSUPPORTED_PROJECT_OPTION_USE to the gradle.properties file to suppress this warning.
WARNING: The option setting 'android.r8.optimizedResourceShrinking=false' is deprecated.
The current default is 'true'.
It will be removed in version 10.0 of the Android Gradle plugin.
Add android.sync.suppressAgpWarnings=UNSUPPORTED_PROJECT_OPTION_USE to the gradle.properties file to suppress this warning.
WARNING: The option setting 'android.defaults.buildfeatures.resvalues=true' is deprecated.
The current default is 'false'.
It will be removed in version 10.0 of the Android Gradle plugin.
Add android.sync.suppressAgpWarnings=UNSUPPORTED_PROJECT_OPTION_USE to the gradle.properties file to suppress this warning.
WARNING: API 'applicationVariants' is obsolete and has been replaced with 'AndroidComponentsExtension'.
It will be removed in version 10.0 of the Android Gradle plugin.
The legacy variant API is disabled by default in AGP 9.0, but can be re-enabled by adding 
    android.newDsl=false
to this project's gradle.properties file.
For more information, see http://developer.android.com/build/r/new-dsl.

To determine what is calling applicationVariants, use -Pandroid.debug.obsoleteApi=true on the command line to display more information.
Add android.sync.suppressAgpWarnings=DEPRECATED_DSL to the gradle.properties file to suppress this warning.
WARNING: API 'testVariants' is obsolete and has been replaced with 'AndroidComponentsExtension'.
It will be removed in version 10.0 of the Android Gradle plugin.
The legacy variant API is disabled by default in AGP 9.0, but can be re-enabled by adding 
    android.newDsl=false
to this project's gradle.properties file.
For more information, see http://developer.android.com/build/r/new-dsl.

To determine what is calling testVariants, use -Pandroid.debug.obsoleteApi=true on the command line to display more information.
Add android.sync.suppressAgpWarnings=DEPRECATED_DSL to the gradle.properties file to suppress this warning.
WARNING: API 'unitTestVariants' is obsolete and has been replaced with 'AndroidComponentsExtension'.
It will be removed in version 10.0 of the Android Gradle plugin.
The legacy variant API is disabled by default in AGP 9.0, but can be re-enabled by adding 
    android.newDsl=false
to this project's gradle.properties file.
For more information, see http://developer.android.com/build/r/new-dsl.

To determine what is calling unitTestVariants, use -Pandroid.debug.obsoleteApi=true on the command line to display more information.
Add android.sync.suppressAgpWarnings=DEPRECATED_DSL to the gradle.properties file to suppress this warning.
WARNING: The property android.dependency.excludeLibraryComponentsFromConstraints improves project import performance for very large projects. It should be enabled to improve performance.
To suppress this warning, add android.generateSyncIssueWhenLibraryConstraintsAreEnabled=false to gradle.properties
Add android.sync.suppressAgpWarnings=LIBRARY_CONSTRAINTS_SHOULD_BE_DISABLED to the gradle.properties file to suppress this warning.
WARNING: The property android.dependency.excludeLibraryComponentsFromConstraints improves project import performance for very large projects. It should be enabled to improve performance.
To suppress this warning, add android.generateSyncIssueWhenLibraryConstraintsAreEnabled=false to gradle.properties
Add android.sync.suppressAgpWarnings=LIBRARY_CONSTRAINTS_SHOULD_BE_DISABLED to the gradle.properties file to suppress this warning.
WARNING: The property android.dependency.excludeLibraryComponentsFromConstraints improves project import performance for very large projects. It should be enabled to improve performance.
To suppress this warning, add android.generateSyncIssueWhenLibraryConstraintsAreEnabled=false to gradle.properties
Add android.sync.suppressAgpWarnings=LIBRARY_CONSTRAINTS_SHOULD_BE_DISABLED to the gradle.properties file to suppress this warning.
WARNING: The property android.dependency.excludeLibraryComponentsFromConstraints improves project import performance for very large projects. It should be enabled to improve performance.
To suppress this warning, add android.generateSyncIssueWhenLibraryConstraintsAreEnabled=false to gradle.properties
Add android.sync.suppressAgpWarnings=LIBRARY_CONSTRAINTS_SHOULD_BE_DISABLED to the gradle.properties file to suppress this warning.

> Task :app:checkKotlinGradlePluginConfigurationErrors SKIPPED
> Task :app:preBuild UP-TO-DATE
> Task :app:preDebugBuild UP-TO-DATE
> Task :app:generateDebugResValues
> Task :app:generateDebugResources
> Task :app:packageDebugResources
> Task :app:processDebugNavigationResources
> Task :app:parseDebugLocalResources
> Task :app:javaPreCompileDebug
> Task :app:generateDebugRFile
> Task :app:checkDebugAarMetadata
> Task :app:mapDebugSourceSetPaths
> Task :app:compileDebugNavigationResources
> Task :app:createDebugCompatibleScreenManifests
> Task :app:extractDeepLinksDebug
> Task :app:processDebugMainManifest
> Task :app:mergeDebugResources
> Task :app:processDebugManifest
> Task :app:preDebugAndroidTestBuild SKIPPED
> Task :app:generateDebugAndroidTestResValues
> Task :app:generateDebugAndroidTestResources
> Task :app:packageDebugAndroidTestResources
> Task :app:processDebugManifestForPackage
> Task :app:processDebugAndroidTestNavigationResources
> Task :app:javaPreCompileDebugAndroidTest
> Task :app:generateDebugAssets UP-TO-DATE
> Task :app:parseDebugAndroidTestLocalResources
> Task :app:mergeDebugAssets
> Task :app:generateDebugAndroidTestRFile
> Task :app:compressDebugAssets
> Task :app:processDebugResources
> Task :app:generateDebugGlobalSynthetics
> Task :app:checkDebugDuplicateClasses
> Task :app:desugarDebugFileDependencies
> Task :app:kspDebugKotlin
> Task :app:l8DexDesugarLibDebug
> Task :app:mergeExtDexDebug
> Task :app:mergeDebugJniLibFolders
> Task :app:mergeLibDexDebug
> Task :app:mergeDebugNativeLibs
> Task :app:validateSigningDebug
> Task :app:writeDebugAppMetadata
> Task :app:writeDebugSigningConfigVersions
> Task :app:generateDebugAndroidTestAssets UP-TO-DATE
> Task :app:stripDebugDebugSymbols
> Task :app:mergeDebugAndroidTestAssets
> Task :app:compressDebugAndroidTestAssets
> Task :app:generateDebugAndroidTestGlobalSynthetics
> Task :app:checkDebugAndroidTestDuplicateClasses
> Task :app:desugarDebugAndroidTestFileDependencies
> Task :app:mergeLibDexDebugAndroidTest
> Task :app:checkDebugAndroidTestAarMetadata
> Task :app:mapDebugAndroidTestSourceSetPaths
> Task :app:compileDebugAndroidTestNavigationResources
> Task :app:mergeExtDexDebugAndroidTest
> Task :app:mergeDebugAndroidTestManifest
> Task :app:processDebugAndroidTestManifest
> Task :app:mergeDebugAndroidTestJniLibFolders
> Task :app:mergeDebugAndroidTestResources
> Task :app:mergeDebugAndroidTestNativeLibs NO-SOURCE
> Task :app:stripDebugAndroidTestDebugSymbols NO-SOURCE
> Task :app:validateSigningDebugAndroidTest
> Task :app:writeDebugAndroidTestSigningConfigVersions
> Task :app:processDebugAndroidTestResources
> Task :app:compileDebugKotlin
> Task :app:compileDebugJavaWithJavac NO-SOURCE
> Task :app:processDebugJavaRes
> Task :app:bundleDebugClassesToCompileJar
> Task :app:mergeDebugJavaResource
> Task :app:kspDebugAndroidTestKotlin
> Task :app:dexBuilderDebug
> Task :app:mergeProjectDexDebug

> Task :app:compileDebugAndroidTestKotlin FAILED
e: file:///home/runner/work/indian-nutrition-tracker/indian-nutrition-tracker/app/src/androidTest/java/com/indian/nutrition/tracker/ui/AppUiTest.kt:84:22 Unresolved reference 'size'.
e: file:///home/runner/work/indian-nutrition-tracker/indian-nutrition-tracker/app/src/androidTest/java/com/indian/nutrition/tracker/ui/AppUiTest.kt:85:23 Unresolved reference 'size'.
e: file:///home/runner/work/indian-nutrition-tracker/indian-nutrition-tracker/app/src/androidTest/java/com/indian/nutrition/tracker/ui/AppUiTest.kt:86:23 Unresolved reference 'size'.

> Task :app:packageDebug
> Task :app:createDebugApkListingFileRedirect
gradle/actions: Writing build results to /home/runner/work/_temp/.gradle-actions/build-results/__reactivecircus_android-emulator-runner-1788615192694.json

[Incubating] Problems report is available at: file:///home/runner/work/indian-nutrition-tracker/indian-nutrition-tracker/build/reports/problems/problems-report.html

FAILURE: Build failed with an exception.

* What went wrong:
Execution failed for task ':app:compileDebugAndroidTestKotlin' (registered by plugin 'org.jetbrains.kotlin.android').
> A failure occurred while executing org.jetbrains.kotlin.compilerRunner.GradleCompilerRunnerWithWorkers$GradleKotlinCompilerWorkAction
   > Compilation error. See log for more details

* Try:
> Run with --stacktrace option to get the stack trace.
> Run with --info or --debug option to get more log output.
> Run with --scan to get full insights from a Build Scan (powered by Develocity).
> Get more help at https://help.gradle.org.

Deprecated Gradle features were used in this build, making it incompatible with Gradle 10.

You can use '--warning-mode all' to show the individual deprecation warnings and determine if they come from your own scripts or plugins.

For more on this, please refer to https://docs.gradle.org/9.7.1/userguide/command_line_interface.html#sec:command_line_warnings in the Gradle documentation.

BUILD FAILED in 3m 41s
66 actionable tasks: 66 executed

=== TEST RESULT XML ===
=== LOGCAT ===
09-05 13:33:43.033   781   781 I wpa_supplicant: wlan0: Associated with 00:13:10:85:fe:01
09-05 13:33:43.033   781   781 I wpa_supplicant: wlan0: CTRL-EVENT-CONNECTED - Connection to 00:13:10:85:fe:01 completed [id=0 id_str=%7B%22configKey%22%3A%22%5C%22AndroidWifi%5C%22NONE%22%2C%22creatorUid%22%3A%2210110%22%7D]
09-05 13:33:43.033   781   781 I wpa_supplicant: assoc key_mgmt 0x4 network key_mgmt 0x4
09-05 13:33:43.033   781   781 I wpa_supplicant: wlan0: CTRL-EVENT-SUBNET-STATUS-UPDATE status=0
09-05 13:33:43.033   927  1142 D IpClient/wlan0: interfaceLinkStateChanged: ifindex 16 up
09-05 13:33:43.033   927  1142 D IpClient/wlan0: interfaceLinkStateChanged: ifindex 16 up
09-05 13:33:43.034   506   719 I WifiClientModeImpl[22022:wlan0]: Update current security type to 0
09-05 13:33:43.035   506   719 I WifiClientModeImpl[22022:wlan0]: Update current security type to 0 from network connection event.
09-05 13:33:43.035   506   719 I ConnectivityService: Update score for net 102 : +IS_UNMETERED
09-05 13:33:43.036   506   719 D ConnectivityService: registerNetworkAgent NetworkAgentInfo{network{102}  handle{441492361229}  ni{WIFI CONNECTING extra: } created=2026-09-05T13:33:43.035Z Score(Policies : IS_UNMETERED ; KeepConnected : 0)   lp{{InterfaceName: wlan0 LinkAddresses: [ ] DnsAddresses: [ ] Domains: null MTU: 0 Routes: [ ]}}  nc{[ Transports: WIFI Capabilities: NOT_METERED&INTERNET&NOT_RESTRICTED&TRUSTED&NOT_VPN&NOT_ROAMING&NOT_CONGESTED&NOT_SUSPENDED&NOT_VCN_MANAGED LinkUpBandwidth>=11000Kbps LinkDnBandwidth>=11000Kbps Specifier: <WifiNetworkAgentSpecifier [WifiConfiguration=, SSID="AndroidWifi", BSSID=00:13:10:85:fe:01, band=1, mMatchLocalOnlySpecifiers=false]> TransportInfo: <SSID: "AndroidWifi", BSSID: 00:13:10:85:fe:01, MAC: 02:15:b2:00:00:00, IP: null, Security type: 0, Supplicant state: ASSOCIATED, Wi-Fi standard: 1, RSSI: -127, Link speed: -1Mbps, Tx Link speed: -1Mbps, Max Supported Tx Link speed: 11Mbps, Rx Link speed: -1Mbps, Max Supported Rx Link speed: 11Mbps, Frequency: 2447MHz, Net ID: 0, Metered hint: false, score: 0, isUsable: true, CarrierMerged: false, SubscriptionId: -1, IsPrimary: 1, Trusted: true, Restricted: false, Ephemeral: false, OEM paid: false, OEM private: false, OSU AP: false, FQDN: <none>, Provider friendly name: <none>, Requesting package name: <none>"AndroidWifi"openMLO Information: , Is TID-To-Link negotiation supported by the AP: false, AP MLD Address: <none>, AP MLO Link Id: <none>, AP MLO Affiliated links: <none>> AllowedUids: <{10110}> OwnerUid: 10110 AdminUids: [10110] SSID: "AndroidWifi" UnderlyingNetworks: Null]}  factorySerialNumber=5}
09-05 13:33:43.036   324   350 I netd    : getFwmarkForNetwork(102) -> {MarkMaskParcel{mark: 102, mask: 65535}} <0.00ms>
09-05 13:33:43.036   506   719 W ContextImpl: Calling a method in the system process without a qualified user: android.app.ContextImpl.sendStickyBroadcast:1626 com.android.server.wifi.ClientModeImpl.sendNetworkChangeBroadcast:3008 com.android.server.wifi.ClientModeImpl.lambda$sendNetworkChangeBroadcastWithCurrentState$14:2985 com.android.server.wifi.ClientModeImpl.$r8$lambda$q-j88Pjw4gROgoJFr8wBlBVbuJI:0 com.android.server.wifi.ClientModeImpl$$ExternalSyntheticLambda4.send:0 
09-05 13:33:43.038   506   726 D ConnectivityService: [102 WIFI] EVENT_NETWORK_INFO_CHANGED, going from CONNECTING to CONNECTING
09-05 13:33:43.039   927  2261 D NetworkMonitor/102: checkAndRenewResourceConfig: update captive portal https urls to [https://www.google.com/generate_204]
09-05 13:33:43.039   927  2261 D NetworkMonitor/102: checkAndRenewResourceConfig: update captive portal http urls to [http://connectivitycheck.gstatic.com/generate_204]
09-05 13:33:43.039   927  2261 D NetworkMonitor/102: checkAndRenewResourceConfig: update captive portal fallback urls to[http://www.google.com/gen_204, http://play.googleapis.com/generate_204]
09-05 13:33:43.039   927  2261 D NetworkMonitor: Starting on network 102 with capport HTTPS URL [https://www.google.com/generate_204] and HTTP URL [http://connectivitycheck.gstatic.com/generate_204]
09-05 13:33:43.041   506   719 I WifiClientModeImpl[22022:wlan0]: Update current security type to 0
09-05 13:33:43.041   324   350 I netd    : interfaceGetCfg(wlan0) -> {InterfaceConfigurationParcel{ifName: wlan0, hwAddr: 02:15:b2:00:00:00, ipv4Addr: 0.0.0.0, prefixLength: 0, flags: [up, broadcast, running, multicast]}} <0.06ms>
09-05 13:33:43.042   324   350 I netd    : interfaceGetCfg(wlan0) -> {InterfaceConfigurationParcel{ifName: wlan0, hwAddr: 02:15:b2:00:00:00, ipv4Addr: 0.0.0.0, prefixLength: 0, flags: [up, broadcast, running, multicast]}} <0.03ms>
09-05 13:33:43.043   506   726 I ConnectivityService: Update score for net 102 : +TRANSPORT_PRIMARY
09-05 13:33:43.043   506   726 D ConnectivityService: NetReassign [no changes] [c 0] [a 0] [i 0]
09-05 13:33:43.043   506   726 D ConnectivityService: NetReassign [no changes] [c 0] [a 1] [i 0]
09-05 13:33:43.044   506   719 E WifiStaIfaceAidlImpl: installApfPacketFilter failed with service-specific exception: android.os.ServiceSpecificException:  (code 4)
09-05 13:33:43.044   506   719 E WifiStaIfaceAidlImpl: installApfPacketFilter failed with service-specific exception: android.os.ServiceSpecificException:  (code 4)
09-05 13:33:43.053   927  2262 D ApfFilter: (wlan0): begin monitoring
09-05 13:33:43.053   324   350 I netd    : setProcSysNet(6, 1, wlan0, accept_ra, 2) <0.05ms>
09-05 13:33:43.054   324   350 I netd    : interfaceSetIPv6PrivacyExtensions(wlan0, true) <0.02ms>
09-05 13:33:43.054   324   350 I netd    : setIPv6AddrGenMode(wlan0, 2) <0.03ms>
09-05 13:33:43.054   324   350 I netd    : interfaceSetEnableIPv6(wlan0, true) <0.09ms>
09-05 13:33:43.055   324   350 I netd    : setProcSysNet(4, 2, wlan0, retrans_time_ms, 750) <0.02ms>
09-05 13:33:43.056   324   350 I netd    : setProcSysNet(4, 2, wlan0, ucast_solicit, 5) <0.02ms>
09-05 13:33:43.056   324   350 I netd    : setProcSysNet(4, 2, wlan0, mcast_resolicit, 3) <0.02ms>
09-05 13:33:43.056   324   350 I netd    : setProcSysNet(6, 2, wlan0, retrans_time_ms, 750) <0.02ms>
09-05 13:33:43.056   324   350 I netd    : setProcSysNet(6, 2, wlan0, ucast_solicit, 5) <0.02ms>
09-05 13:33:43.056   324   350 I netd    : setProcSysNet(6, 2, wlan0, mcast_resolicit, 3) <0.02ms>
09-05 13:33:43.057   324   350 I netd    : setProcSysNet(4, 2, wlan0, retrans_time_ms, 750) <0.02ms>
09-05 13:33:43.057   324   350 I netd    : setProcSysNet(4, 2, wlan0, ucast_solicit, 10) <0.02ms>
09-05 13:33:43.057   324   350 I netd    : setProcSysNet(6, 2, wlan0, retrans_time_ms, 750) <0.02ms>
09-05 13:33:43.057   324   350 I netd    : setProcSysNet(6, 2, wlan0, ucast_solicit, 10) <0.02ms>
09-05 13:33:43.057   927  1142 D IpClient/wlan0: routeUpdated: fe80::/64 -> :: wlan0 mtu 0
09-05 13:33:43.058   927  1142 D IpClient/wlan0: addressUpdated: fe80::5ee1:f805:de9c:61d1/64 on ifindex 16 flags 0x000008C4 scope 253
09-05 13:33:43.058   927  1142 D TrafficStats: tagSocket(97) with statsTag=0xfffffe01, statsUid=-1
09-05 13:33:43.059   927  1142 D IpClient.wlan0: set max DTIM multiplier to 1
09-05 13:33:43.060   324   350 E Netd    : no such netId 102
09-05 13:33:43.060   324   350 I netd    : networkAddRouteParcel(102, RouteInfoParcel{destination: fe80::/64, ifName: wlan0, nextHop: , mtu: 0}) -> ServiceSpecificException(64, "Machine is not on the network") <0.02ms>
09-05 13:33:43.060   506   719 E WifiStaIfaceAidlImpl: setDtimMultiplier failed with service-specific exception: android.os.ServiceSpecificException:  (code 4)
09-05 13:33:43.062   927  1142 D DhcpClient: l2key: W3dface441ec5a739 lease address: /10.0.2.16 lease expiry: 1788701583761 current time: 1788615223062
09-05 13:33:43.063   927  1142 D DhcpClient: Broadcasting DHCPREQUEST ciaddr=0.0.0.0 request=10.0.2.16 serverid=null
09-05 13:33:43.066   927  1142 D DhcpClient: Received packet: 02:15:b2:00:00:00 ACK: your new IP /10.0.2.16, netmask /255.255.255.0, gateways [/10.0.2.2] DNS servers: /10.0.2.3 , lease time 86400
09-05 13:33:43.066   927  1142 D DhcpClient: Confirmed lease: com.android.networkstack.android.net.DhcpResults@78227676 DHCP server /10.0.2.2 Vendor info null lease 86400 seconds Servername 
09-05 13:33:43.069   324   350 I netd    : interfaceSetCfg(InterfaceConfigurationParcel{ifName: wlan0, hwAddr: , ipv4Addr: 10.0.2.16, prefixLength: 24, flags: []}) <0.18ms>
09-05 13:33:43.071   506   719 I WifiClientModeImpl[22022:wlan0]: Update current security type to 0
09-05 13:33:43.071   506   719 W ContextImpl: Calling a method in the system process without a qualified user: android.app.ContextImpl.sendStickyBroadcast:1626 com.android.server.wifi.ClientModeImpl.sendNetworkChangeBroadcast:3008 com.android.server.wifi.ClientModeImpl.lambda$sendNetworkChangeBroadcastWithCurrentState$14:2985 com.android.server.wifi.ClientModeImpl.$r8$lambda$q-j88Pjw4gROgoJFr8wBlBVbuJI:0 com.android.server.wifi.ClientModeImpl$$ExternalSyntheticLambda4.send:0 
09-05 13:33:43.072   927  1142 D IpClient/wlan0: addressUpdated: 10.0.2.16/24 on ifindex 16 flags 0x00000080 scope 0
09-05 13:33:43.072   324   350 E Netd    : no such netId 102
09-05 13:33:43.072   324   350 I netd    : networkAddRouteParcel(102, RouteInfoParcel{destination: 10.0.2.0/24, ifName: wlan0, nextHop: , mtu: 0}) -> ServiceSpecificException(64, "Machine is not on the network") <0.02ms>
09-05 13:33:43.072   506   726 E ConnectivityService: Exception in networkAddRouteParcel for non-gateway: android.os.ServiceSpecificException: Machine is not on the network (code 64)
09-05 13:33:43.072   324   350 E Netd    : no such netId 102
09-05 13:33:43.072   324   350 I netd    : networkAddRouteParcel(102, RouteInfoParcel{destination: 0.0.0.0/0, ifName: wlan0, nextHop: 10.0.2.2, mtu: 0}) -> ServiceSpecificException(64, "Machine is not on the network") <0.01ms>
09-05 13:33:43.072   506   726 E ConnectivityService: Exception in networkAddRouteParcel for gateway: android.os.ServiceSpecificException: Machine is not on the network (code 64)
09-05 13:33:43.074   927  1142 D DhcpClient: Scheduling renewal in 43199s
09-05 13:33:43.074   927  1142 D DhcpClient: Scheduling rebind in 75599s
09-05 13:33:43.074   927  1142 D DhcpClient: Scheduling expiry in 86399s
09-05 13:33:43.075   506   719 E WifiStaIfaceAidlImpl: installApfPacketFilter failed with service-specific exception: android.os.ServiceSpecificException:  (code 4)
09-05 13:33:43.075   506   726 D ConnectivityService: Setting DNS servers for network 102 to [/10.0.2.3]
09-05 13:33:43.076   506   726 D ConnectivityService: [102 WIFI] EVENT_NETWORK_INFO_CHANGED, going from CONNECTING to CONNECTED
09-05 13:33:43.076   324   350 I netd    : networkCreate(NativeNetworkConfig{netId: 102, networkType: PHYSICAL, permission: 0, secure: false, vpnType: -1, excludeLocalRoutes: false}) <0.01ms>
09-05 13:33:43.076   324   350 I netd    : createNetworkCache(102) <0.06ms>
09-05 13:33:43.076   506   726 D DnsManager: sendDnsConfigurationForNetwork(102, [10.0.2.3], [], 1800, 25, 8, 64, 0, 0, , [])
09-05 13:33:43.076   324   350 I resolv  : resolv_set_nameservers: netid = 102, addr = 10.0.2.3
09-05 13:33:43.076   324   350 I netd    : DnsResolverService::setResolverConfiguration(102, [10.0.2.3], [], 1800, 25, 8, 64, 0, 0, "", []) -> (0) (0.06ms)
09-05 13:33:43.076   324   350 I netd    : setResolverConfiguration(ResolverParamsParcel{netId: 102, sampleValiditySeconds: 1800, successThreshold: 25, minSamples: 8, maxSamples: 64, baseTimeoutMsec: 0, retryCount: 0, servers: [10.0.2.3], domains: [], tlsName: , tlsServers: [], tlsFingerprints: [], caCertificate: , tlsConnectTimeoutMs: 0, resolverOptions: (null), transportTypes: [1]}) <0.08ms>
09-05 13:33:43.077   324   350 I netd    : setNetworkAllowlist([NativeUidRangeConfig{netId: 102, uidRanges: [UidRangeParcel{start: 0, stop: 99999}], subPriority: 0}, NativeUidRangeConfig{netId: 101, uidRanges: [UidRangeParcel{start: 0, stop: 99999}], subPriority: 0}]) <0.00ms>
09-05 13:33:43.077   506   726 W DnsManager: updatePrivateDns(102, PrivateDnsConfig{true:/[]})
09-05 13:33:43.078   506   726 D ConnectivityService: Setting DNS servers for network 102 to [/10.0.2.3]
09-05 13:33:43.078   506   726 D DnsManager: sendDnsConfigurationForNetwork(102, [10.0.2.3], [], 1800, 25, 8, 64, 0, 0, , [10.0.2.3])
09-05 13:33:43.078   324   350 I resolv  : setDoh: No suitable DoH server found
09-05 13:33:43.078   324   350 I netd    : DnsResolverService::setResolverConfiguration(102, [10.0.2.3], [], 1800, 25, 8, 64, 0, 0, "", [10.0.2.3]) -> (0) (0.2ms)
09-05 13:33:43.078   506   719 W ContextImpl: Calling a method in the system process without a qualified user: android.app.ContextImpl.sendStickyBroadcast:1626 com.android.server.wifi.ClientModeImpl.sendNetworkChangeBroadcast:3008 com.android.server.wifi.ClientModeImpl.lambda$sendNetworkChangeBroadcastWithCurrentState$14:2985 com.android.server.wifi.ClientModeImpl.$r8$lambda$q-j88Pjw4gROgoJFr8wBlBVbuJI:0 com.android.server.wifi.ClientModeImpl$$ExternalSyntheticLambda4.send:0 
09-05 13:33:43.078   324   350 I netd    : setResolverConfiguration(ResolverParamsParcel{netId: 102, sampleValiditySeconds: 1800, successThreshold: 25, minSamples: 8, maxSamples: 64, baseTimeoutMsec: 0, retryCount: 0, servers: [10.0.2.3], domains: [], tlsName: , tlsServers: [10.0.2.3], tlsFingerprints: [], caCertificate: , tlsConnectTimeoutMs: 0, resolverOptions: (null), transportTypes: [1]}) <0.24ms>
09-05 13:33:43.078   506   726 D ConnectivityService: Adding iface wlan0 to network 102
09-05 13:33:43.079   324  2263 W resolv  : Validating DnsTlsServer 10.0.2.3 with mark 0xf0066
09-05 13:33:43.079   324  2263 W resolv  : Socket failed to connect: Network is unreachable
09-05 13:33:43.079   324   350 I netd    : networkAddInterface(102, wlan0) <1.13ms>
09-05 13:33:43.080   324  2263 W resolv  : TCP Handshake failed: 101
09-05 13:33:43.080   324  2263 W resolv  : query failed
09-05 13:33:43.080   324  2263 W resolv  : validateDnsTlsServer returned 0 for 10.0.2.3
09-05 13:33:43.080   324  2263 W resolv  : Validation failed
09-05 13:33:43.083   506   719 W WifiScoreReport: Cannot start external scoring netId=102 currentNetId=102 currentNetCapabilities=[ Transports: WIFI Capabilities: NOT_METERED&INTERNET&NOT_RESTRICTED&TRUSTED&NOT_VPN&NOT_ROAMING&NOT_CONGESTED&NOT_SUSPENDED&NOT_VCN_MANAGED LinkUpBandwidth>=12000Kbps LinkDnBandwidth>=30000Kbps Specifier: <WifiNetworkAgentSpecifier [WifiConfiguration=, SSID="AndroidWifi", BSSID=00:13:10:85:fe:01, band=1, mMatchLocalOnlySpecifiers=false]> TransportInfo: <SSID: "AndroidWifi", BSSID: 00:13:10:85:fe:01, MAC: 02:15:b2:00:00:00, IP: /10.0.2.16, Security type: 0, Supplicant state: COMPLETED, Wi-Fi standard: 1, RSSI: -50, Link speed: 1Mbps, Tx Link speed: 1Mbps, Max Supported Tx Link speed: 11Mbps, Rx Link speed: -1Mbps, Max Supported Rx Link speed: 11Mbps, Frequency: 2447MHz, Net ID: 0, Metered hint: false, score: 60, isUsable: true, CarrierMerged: false, SubscriptionId: -1, IsPrimary: 1, Trusted: true, Restricted: false, Ephemeral: false, OEM paid: false, OEM private: false, OSU AP: false, FQDN: <none>, Provider friendly name: <none>, Requesting package name: <none>"AndroidWifi"openMLO Information: , Is TID-To-Link negotiation supported by the AP: false, AP MLD Address: <none>, AP MLO Link Id: <none>, AP MLO Affiliated links: <none>> SignalStrength: -50 AllowedUids: <{10110}> OwnerUid: 10110 AdminUids: [10110] SSID: "AndroidWifi" UnderlyingNetworks: Null] sessionId=1026
09-05 13:33:43.084   324   350 I netd    : wakeupAddInterface(wlan0, 441492361229:wlan0, -2147483648, -2147483648) <2.71ms>
09-05 13:33:43.085   324   350 I netd    : networkAddRouteParcel(102, RouteInfoParcel{destination: fe80::/64, ifName: wlan0, nextHop: , mtu: 0}) <0.13ms>
09-05 13:33:43.085   324   350 I netd    : networkAddRouteParcel(102, RouteInfoParcel{destination: 10.0.2.0/24, ifName: wlan0, nextHop: , mtu: 0}) <0.16ms>
09-05 13:33:43.085   324   350 I netd    : networkAddRouteParcel(102, RouteInfoParcel{destination: 0.0.0.0/0, ifName: wlan0, nextHop: 10.0.2.2, mtu: 0}) <0.05ms>
09-05 13:33:43.085   506   726 D ConnectivityService: Setting DNS servers for network 102 to [/10.0.2.3]
09-05 13:33:43.085   506   726 D DnsManager: sendDnsConfigurationForNetwork(102, [10.0.2.3], [], 1800, 25, 8, 64, 0, 0, , [10.0.2.3])
09-05 13:33:43.086   324   350 I resolv  : setDoh: No suitable DoH server found
09-05 13:33:43.086   324   350 I netd    : DnsResolverService::setResolverConfiguration(102, [10.0.2.3], [], 1800, 25, 8, 64, 0, 0, "", [10.0.2.3]) -> (0) (0.2ms)
09-05 13:33:43.086   324  2264 W resolv  : Validating DnsTlsServer 10.0.2.3 with mark 0xf0066
09-05 13:33:43.086   324   350 I netd    : setResolverConfiguration(ResolverParamsParcel{netId: 102, sampleValiditySeconds: 1800, successThreshold: 25, minSamples: 8, maxSamples: 64, baseTimeoutMsec: 0, retryCount: 0, servers: [10.0.2.3], domains: [], tlsName: , tlsServers: [10.0.2.3], tlsFingerprints: [], caCertificate: , tlsConnectTimeoutMs: 0, resolverOptions: (null), transportTypes: [1]}) <0.19ms>
09-05 13:33:43.091   506  1041 D WifiMemoryStoreImpl: Set cluster G17f16067dd49b5cb for W3dface441ec5a739: SUCCESS
09-05 13:33:43.097   506  1041 D WifiMemoryStoreImpl: Set cluster G17f16067dd49b5cb for W17f16067dd49b5cb: SUCCESS
09-05 13:33:43.109   324   350 I netd    : tetherGetStats() -> {[]} <0.42ms>
09-05 13:33:43.112   506   726 D CompatibilityChangeReporter: Compat change id reported: 171306433; UID 1000; state: ENABLED
09-05 13:33:43.113   324   350 I netd    : bandwidthRemoveInterfaceQuota(eth0) <0.48ms>
09-05 13:33:43.114   324   350 I netd    : bandwidthSetInterfaceQuota(eth0, 9223372036854775807) <0.43ms>
09-05 13:33:43.115   506   726 D ConnectivityService: NetReassign [no changes] [c 0] [a 3] [i 0]
09-05 13:33:43.116   927  2266 D TrafficStats: tagSocket(99) with statsTag=0xffffff81, statsUid=-1
09-05 13:33:43.117   927  2266 D TrafficStats: tagSocket(99) with statsTag=0xffffff81, statsUid=-1
09-05 13:33:43.119   324   350 I netd    : bandwidthRemoveInterfaceQuota(eth0) <0.47ms>
09-05 13:33:43.120   324   350 I netd    : bandwidthSetInterfaceQuota(eth0, 9223372036854775807) <0.53ms>
09-05 13:33:43.120   506   719 E WifiStaIfaceAidlImpl: stopRssiMonitoring failed with service-specific exception: android.os.ServiceSpecificException:  (code 5)
09-05 13:33:43.121   324   350 I netd    : bandwidthRemoveInterfaceQuota(eth0) <0.65ms>
09-05 13:33:43.121   324   350 I netd    : bandwidthSetInterfaceQuota(eth0, 9223372036854775807) <0.37ms>
09-05 13:33:43.122   927  2267 D TrafficStats: tagSocket(100) with statsTag=0xffffff81, statsUid=-1
09-05 13:33:43.122   324  2268 I resolv  : ResNSendHandler::run: 0 / {102 983142 102 983142 1073 1}
09-05 13:33:43.123   927  2267 D TrafficStats: tagSocket(100) with statsTag=0xffffff81, statsUid=-1
09-05 13:33:43.126   324  2269 I resolv  : ResNSendHandler::run: 0 / {102 983142 102 983142 1073 1}
09-05 13:33:43.141   324  2268 I resolv  : res_nsend: used send_dg 160 terrno: 0
09-05 13:33:43.141   927   927 D TrafficStats: tagSocket(99) with statsTag=0xffffffff, statsUid=-1
09-05 13:33:43.142   324  2269 I resolv  : res_nsend: used send_dg 63 terrno: 0
09-05 13:33:43.142   927   927 D TrafficStats: tagSocket(99) with statsTag=0xffffffff, statsUid=-1
09-05 13:33:43.143   927   927 D TrafficStats: tagSocket(99) with statsTag=0xffffffff, statsUid=-1
09-05 13:33:43.143   927   927 D TrafficStats: tagSocket(99) with statsTag=0xffffffff, statsUid=-1
09-05 13:33:43.144   927   927 D TrafficStats: tagSocket(99) with statsTag=0xffffffff, statsUid=-1
09-05 13:33:43.144   927   927 D TrafficStats: tagSocket(99) with statsTag=0xffffffff, statsUid=-1
09-05 13:33:43.145   927   927 D TrafficStats: tagSocket(99) with statsTag=0xffffffff, statsUid=-1
09-05 13:33:43.145   927   927 D TrafficStats: tagSocket(99) with statsTag=0xffffffff, statsUid=-1
09-05 13:33:43.145   927   927 D TrafficStats: tagSocket(99) with statsTag=0xffffffff, statsUid=-1
09-05 13:33:43.146   927  2266 D NetworkMonitor/102: PROBE_DNS www.google.com 29ms OK 142.251.151.119,142.251.156.119,142.251.154.119,142.251.157.119,142.251.153.119,142.251.150.119,142.251.155.119,142.251.152.119
09-05 13:33:43.146   927  2267 D NetworkMonitor/102: PROBE_DNS connectivitycheck.gstatic.com 24ms OK 172.253.139.94
09-05 13:33:43.147   324  2271 I resolv  : GetAddrInfoHandler::run: {102 983142 102 983142 1073 1}
09-05 13:33:43.147   324  2270 I resolv  : GetAddrInfoHandler::run: {102 983142 102 983142 1073 1}
09-05 13:33:43.147   324  2272 I resolv  : res_nmkquery: (QUERY, IN, A)
09-05 13:33:43.147   324  2272 I resolv  : resolv_cache_lookup: FOUND IN CACHE entry=0x78415507a450
09-05 13:33:43.147   324  2272 I resolv  : doQuery: rcode=0, ancount=8, return value=160
09-05 13:33:43.147   324  2273 I resolv  : res_nmkquery: (QUERY, IN, A)
09-05 13:33:43.148   324  2273 I resolv  : resolv_cache_lookup: FOUND IN CACHE entry=0x78401507b710
09-05 13:33:43.148   927  2266 D TrafficStats: tagSocket(100) with statsTag=0xffffff81, statsUid=-1
09-05 13:33:43.148   324  2273 I resolv  : doQuery: rcode=0, ancount=1, return value=63
09-05 13:33:43.148   927  2267 D TrafficStats: tagSocket(99) with statsTag=0xffffff81, statsUid=-1
09-05 13:33:43.149   324   350 I netd    : setProcSysNet(4, 2, wlan0, retrans_time_ms, 750) <0.03ms>
09-05 13:33:43.150   324   350 I netd    : setProcSysNet(4, 2, wlan0, ucast_solicit, 10) <0.01ms>
09-05 13:33:43.150   324   350 I netd    : setProcSysNet(6, 2, wlan0, retrans_time_ms, 750) <0.03ms>
09-05 13:33:43.150   324   350 I netd    : setProcSysNet(6, 2, wlan0, ucast_solicit, 10) <0.02ms>
09-05 13:33:43.331   796   796 D StatusBarIconController: ignoring old pipeline callbacks, because the new mobile icons are enabled
09-05 13:33:43.809   927  1142 D IpClient/wlan0: addressUpdated: fe80::5ee1:f805:de9c:61d1/64 on ifindex 16 flags 0x00000880 scope 253
09-05 13:33:43.811   927  2262 D ApfFilter: (wlan0): Adding RA fe80::2 -> ff02::1 1800s fec0::/64 86400s/14400s 
09-05 13:33:43.811   927  1142 D IpClient/wlan0: routeUpdated: ::/0 -> fe80::2 wlan0 mtu 0
09-05 13:33:43.811   927  1142 D IpClient/wlan0: routeUpdated: fec0::/64 -> :: wlan0 mtu 0
09-05 13:33:43.811   927  1142 D IpClient/wlan0: addressUpdated: fec0::aee7:986b:c622:d936/64 on ifindex 16 flags 0x00000944 scope 200
09-05 13:33:43.812   927  1142 D IpClient/wlan0: addressUpdated: fec0::4de2:eb24:4315:dffc/64 on ifindex 16 flags 0x00000045 scope 200
09-05 13:33:43.812   506   719 E WifiStaIfaceAidlImpl: installApfPacketFilter failed with service-specific exception: android.os.ServiceSpecificException:  (code 4)
09-05 13:33:43.812   927  1142 D IpClient.wlan0: set max DTIM multiplier to 2
09-05 13:33:43.813   324   350 I netd    : networkAddRouteParcel(102, RouteInfoParcel{destination: fec0::/64, ifName: wlan0, nextHop: , mtu: 0}) <0.08ms>
09-05 13:33:43.813   324   350 E netd    : Error adding route ::/0 -> fe80::2 wlan0 to table 1016: File exists
09-05 13:33:43.813   324   350 I netd    : networkAddRouteParcel(102, RouteInfoParcel{destination: ::/0, ifName: wlan0, nextHop: fe80::2, mtu: 0}) <0.04ms>
09-05 13:33:43.814   506   719 E WifiStaIfaceAidlImpl: setDtimMultiplier failed with service-specific exception: android.os.ServiceSpecificException:  (code 4)
09-05 13:33:44.141   927  2267 D NetworkMonitor/102: PROBE_HTTP http://connectivitycheck.gstatic.com/generate_204 time=995ms ret=204 request={Connection=[close], User-Agent=[Mozilla/5.0 (X11; Linux x86_64) AppleWebKit/537.36 (KHTML, like Gecko) Chrome/60.0.3112.32 Safari/537.36]} headers={null=[HTTP/1.1 204 No Content], Connection=[close], Content-Length=[0], Cross-Origin-Resource-Policy=[cross-origin], Date=[Sat, 05 Sep 2026 13:33:43 GMT], X-Android-Received-Millis=[1788615224141], X-Android-Response-Source=[NETWORK 204], X-Android-Selected-Protocol=[http/1.1], X-Android-Sent-Millis=[1788615223641]}
09-05 13:33:44.152   927  2266 D NetworkMonitor/102: PROBE_HTTPS https://www.google.com/generate_204 time=1005ms ret=204 request={Connection=[close], User-Agent=[Mozilla/5.0 (X11; Linux x86_64) AppleWebKit/537.36 (KHTML, like Gecko) Chrome/60.0.3112.32 Safari/537.36]} headers={null=[HTTP/1.1 204 No Content], Alt-Svc=[h3=":443"; ma=2592000,h3-29=":443"; ma=2592000], Connection=[close], Content-Length=[0], Cross-Origin-Resource-Policy=[cross-origin], Date=[Sat, 05 Sep 2026 13:33:44 GMT], X-Android-Received-Millis=[1788615224151], X-Android-Response-Source=[NETWORK 204], X-Android-Selected-Protocol=[http/1.1], X-Android-Sent-Millis=[1788615224142]}
09-05 13:33:44.153   927  2265 D NetworkMonitor/102: isCaptivePortal: isSuccessful()=true isPortal()=false RedirectUrl=null isPartialConnectivity()=false Time=1037ms
09-05 13:33:44.154   506   726 I ConnectivityService: Update score for net 102 : +EVER_EVALUATED
09-05 13:33:44.154   506   726 D ConnectivityService: [102 WIFI] validation passed
09-05 13:33:44.154   506   726 I ConnectivityService: Update capabilities for net 102 : +VALIDATED
09-05 13:33:44.154   506   726 I ConnectivityService: Update score for net 102 : +EVER_VALIDATED+IS_VALIDATED
09-05 13:33:44.155   506   726 D ConnectivityService: Switching to new default network for: uid/pid:1000/506 activeRequest: 1 callbackRequest: 1 [NetworkRequest [ REQUEST id=1, [ Capabilities: INTERNET&NOT_RESTRICTED&TRUSTED&NOT_VPN&NOT_VCN_MANAGED RequestorUid: 1000 RequestorPkg: android UnderlyingNetworks: Null] ]] callback flags: 1 order: 2147483647 using NetworkAgentInfo{network{102}  handle{441492361229}  ni{WIFI CONNECTED extra: } created=2026-09-05T13:33:43.035Z Score(Policies : TRANSPORT_PRIMARY&EVER_EVALUATED&IS_UNMETERED&EVER_VALIDATED&IS_VALIDATED ; KeepConnected : 0)  created 71638 firstValidated 72716 lastValidated 72716  lp{{InterfaceName: wlan0 LinkAddresses: [ fe80::5ee1:f805:de9c:61d1/64,10.0.2.16/24,fec0::aee7:986b:c622:d936/64,fec0::4de2:eb24:4315:dffc/64 ] DnsAddresses: [ /10.0.2.3 ] Domains: null MTU: 0 ServerAddress: /10.0.2.2 TcpBufferSizes: 524288,1048576,2097152,262144,524288,1048576 Routes: [ fe80::/64 -> :: wlan0 mtu 0,::/0 -> fe80::2 wlan0 mtu 0,fec0::/64 -> :: wlan0 mtu 0,10.0.2.0/24 -> 0.0.0.0 wlan0 mtu 0,0.0.0.0/0 -> 10.0.2.2 wlan0 mtu 0 ]}}  nc{[ Transports: WIFI Capabilities: NOT_METERED&INTERNET&NOT_RESTRICTED&TRUSTED&NOT_VPN&VALIDATED&NOT_ROAMING&FOREGROUND&NOT_CONGESTED&NOT_SUSPENDED&NOT_VCN_MANAGED LinkUpBandwidth>=12000Kbps LinkDnBandwidth>=30000Kbps Specifier: <WifiNetworkAgentSpecifier [WifiConfiguration=, SSID="AndroidWifi", BSSID=00:13:10:85:fe:01, band=1, mMatchLocalOnlySpecifiers=false]> TransportInfo: <SSID: "AndroidWifi", BSSID: 00:13:10:85:fe:01, MAC: 02:15:b2:00:00:00, IP: /10.0.2.16, Security type: 0, Supplicant state: COMPLETED, Wi-Fi standard: 1, RSSI: -50, Link speed: 1Mbps, Tx Link speed: 1Mbps, Max Supported Tx Link speed: 11Mbps, Rx Link speed: -1Mbps, Max Supported Rx Link speed: 11Mbps, Frequency: 2447MHz, Net ID: 0, Metered hint: false, score: 60, isUsable: true, CarrierMerged: false, SubscriptionId: -1, IsPrimary: 1, Trusted: true, Restricted: false, Ephemeral: false, OEM paid: false, OEM private: false, OSU AP: false, FQDN: <none>, Provider friendly name: <none>, Requesting package name: <none>"AndroidWifi"openMLO Information: , Is TID-To-Link negotiation supported by the AP: false, AP MLD Address: <none>, AP MLO Link Id: <none>, AP MLO Affiliated links: <none>> SignalStrength: -50 OwnerUid: 10110 AdminUids: [10110] SSID: "AndroidWifi" UnderlyingNetworks: Null]}  factorySerialNumber=5}
09-05 13:33:44.156   324   350 I netd    : networkSetDefault(102) <0.42ms>
09-05 13:33:44.157   324   341 E NetlinkEvent: NetlinkEvent::FindParam(): Parameter 'INTERFACE' not found
09-05 13:33:44.157   324   341 E NetlinkEvent: NetlinkEvent::FindParam(): Parameter 'STATE' not found
09-05 13:33:44.157   324   341 E NetlinkEvent: NetlinkEvent::FindParam(): Parameter 'TIME_NS' not found
09-05 13:33:44.157   324   341 E NetlinkEvent: NetlinkEvent::FindParam(): Parameter 'UID' not found
09-05 13:33:44.157   324   350 I netd    : idletimerAddInterface(wlan0, 15, 1) <1.21ms>
09-05 13:33:44.158   324   350 I netd    : idletimerRemoveInterface(eth0, 10, 0) <0.54ms>
09-05 13:33:44.159   324   350 I netd    : setTcpRWmemorySize(524288 1048576 2097152, 262144 524288 1048576) <0.03ms>
09-05 13:33:44.160   506  1708 D TelephonyManager: requestModemActivityInfo: Sending result to app: ModemActivityInfo{ mTimestamp=72721 mSleepTimeMs=0 mIdleTimeMs=72716 mActivityStatsTechSpecificInfo=[{mRat=UNKNOWN,mFrequencyRange=UNKNOWN,mTxTimeMs[]=[0, 0, 0, 0, 0],mRxTimeMs=0}]}
09-05 13:33:44.185   324   350 I netd    : tetherGetStats() -> {[]} <0.48ms>
09-05 13:33:44.188   506   751 D NetworkTimeUpdateService: New default network 102; checking time.
09-05 13:33:44.189   927   965 D UpstreamNetworkMonitor: New default Internet network: 102
09-05 13:33:44.192   324   350 I netd    : bandwidthRemoveInterfaceQuota(eth0) <0.56ms>
09-05 13:33:44.193   796   796 D StatusBarIconController: ignoring old pipeline callbacks, because the new mobile icons are enabled
09-05 13:33:44.194   324   350 I netd    : bandwidthSetInterfaceQuota(eth0, 9223372036854775807) <0.58ms>
09-05 13:33:44.194   796   796 D StatusBarIconController: ignoring old pipeline callback because the new wifi icon is enabled
09-05 13:33:44.194   796   796 D StatusBarIconController: ignoring old pipeline callbacks, because the new mobile icons are enabled
09-05 13:33:44.196   506   726 D ConnectivityService: Setting inactive [101 CELLULAR] for 30000ms
09-05 13:33:44.197   999  1260 D com.android.ons.ONSProfileActivator: Internet connection available
09-05 13:33:44.197   506   523 I GnssNetworkConnectivityHandler: updateNetworkState, state=CLOSED, connected=true, network=102, capabilities=[ Transports: WIFI Capabilities: NOT_METERED&INTERNET&NOT_RESTRICTED&TRUSTED&NOT_VPN&VALIDATED&NOT_ROAMING&FOREGROUND&NOT_CONGESTED&NOT_SUSPENDED&NOT_VCN_MANAGED LinkUpBandwidth>=12000Kbps LinkDnBandwidth>=30000Kbps TransportInfo: <SSID: <unknown ssid>, BSSID: 02:00:00:00:00:00, MAC: 02:00:00:00:00:00, IP: /10.0.2.16, Security type: 0, Supplicant state: COMPLETED, Wi-Fi standard: 1, RSSI: -50, Link speed: 1Mbps, Tx Link speed: 1Mbps, Max Supported Tx Link speed: 11Mbps, Rx Link speed: -1Mbps, Max Supported Rx Link speed: 11Mbps, Frequency: 2447MHz, Net ID: -1, Metered hint: false, score: 60, isUsable: true, CarrierMerged: false, SubscriptionId: -1, IsPrimary: 1, Trusted: true, Restricted: false, Ephemeral: false, OEM paid: false, OEM private: false, OSU AP: false, FQDN: <none>, Provider friendly name: <none>, Requesting package name: <none><none>MLO Information: , Is TID-To-Link negotiation supported by the AP: false, AP MLD Address: <none>, AP MLO Link Id: <none>, AP MLO Affiliated links: <none>> SignalStrength: -50 AdminUids: [10110] SSID: "AndroidWifi" UnderlyingNetworks: Null], availableNetworkCount: 2
09-05 13:33:44.198   506   726 D ConnectivityService: Sending DISCONNECTED broadcast for type 0 [101 CELLULAR] isDefaultNetwork=true
09-05 13:33:44.198   506   726 W ContextImpl: Calling a method in the system process without a qualified user: android.app.ContextImpl.sendStickyBroadcast:1626 android.net.connectivity.com.android.server.ConnectivityService.sendStickyBroadcast:3278 android.net.connectivity.com.android.server.ConnectivityService.sendLegacyNetworkBroadcast:10154 android.net.connectivity.com.android.server.ConnectivityService$LegacyTypeTracker.remove:1165 android.net.connectivity.com.android.server.ConnectivityService.updateLegacyTypeTrackerAndVpnLockdownForRematch:9643 
09-05 13:33:44.199   506   726 D ConnectivityService: Sending CONNECTED broadcast for type 1 [102 WIFI] isDefaultNetwork=true
09-05 13:33:44.199   506   726 W ContextImpl: Calling a method in the system process without a qualified user: android.app.ContextImpl.sendStickyBroadcast:1626 android.net.connectivity.com.android.server.ConnectivityService.sendStickyBroadcast:3278 android.net.connectivity.com.android.server.ConnectivityService.sendGeneralBroadcast:3248 android.net.connectivity.com.android.server.ConnectivityService.sendConnectedBroadcast:3221 android.net.connectivity.com.android.server.ConnectivityService.sendLegacyNetworkBroadcast:10126 
09-05 13:33:44.201   506   726 D ConnectivityService: NetReassign [30 : 101 → 102, 19 : 101 → 102, 28 : 101 → 102, 48 : 101 → 102, 14 : 101 → 102, 24 : 101 → 102, 42 : 101 → 102, 32 : 101 → 102, 1 : 101 → 102, 17 : 101 → 102, 7 : 101 → 102, 44 : 101 → 102, 35 : 101 → 102, 22 : 101 → 102, 38 : 101 → 102] [c 0] [a 45] [i 1]
09-05 13:33:44.201   324   350 I netd    : tetherGetStats() -> {[]} <0.28ms>
09-05 13:33:44.206   796   796 D StatusBarIconController: ignoring old pipeline callbacks, because the new mobile icons are enabled
09-05 13:33:44.206   796   796 D StatusBarIconController: ignoring old pipeline callbacks, because the new mobile icons are enabled
09-05 13:33:44.210   796   850 D EGL_emulation: app_time_stats: avg=2449.97ms min=18.63ms max=4881.30ms count=2
09-05 13:33:44.220   506   726 D ConnectivityService: Setting DNS servers for network 102 to [/10.0.2.3]
09-05 13:33:44.221   506   726 D DnsManager: sendDnsConfigurationForNetwork(102, [10.0.2.3], [], 1800, 25, 8, 64, 0, 0, , [10.0.2.3])
09-05 13:33:44.222   324   350 I resolv  : setDoh: No suitable DoH server found
09-05 13:33:44.222   324   350 I netd    : DnsResolverService::setResolverConfiguration(102, [10.0.2.3], [], 1800, 25, 8, 64, 0, 0, "", [10.0.2.3]) -> (0) (0.1ms)
09-05 13:33:44.222   324   350 I netd    : setResolverConfiguration(ResolverParamsParcel{netId: 102, sampleValiditySeconds: 1800, successThreshold: 25, minSamples: 8, maxSamples: 64, baseTimeoutMsec: 0, retryCount: 0, servers: [10.0.2.3], domains: [], tlsName: , tlsServers: [10.0.2.3], tlsFingerprints: [], caCertificate: , tlsConnectTimeoutMs: 0, resolverOptions: (null), transportTypes: [1]}) <0.17ms>
09-05 13:33:44.223   324   350 I netd    : bandwidthRemoveInterfaceQuota(eth0) <0.72ms>
09-05 13:33:44.226   506   719 W LastMileLogger: Failed to stop event tracing: /sys/kernel/debug/tracing/instances/wifi/tracing_on: open failed: ENOENT (No such file or directory)
09-05 13:33:44.228   796   796 D StatusBarIconController: ignoring old pipeline callback because the new wifi icon is enabled
09-05 13:33:44.231   324   350 I netd    : bandwidthSetInterfaceQuota(eth0, 9223372036854775807) <0.71ms>
09-05 13:33:44.249   506  1708 D WifiMemoryStoreImpl: Set cluster G17f16067dd49b5cb for W3dface441ec5a739: SUCCESS
09-05 13:33:44.249   506   719 D WifiConfigStore: Writing to stores completed in 15 ms.
09-05 13:33:44.252   324   350 I netd    : bandwidthRemoveInterfaceQuota(eth0) <1.03ms>
09-05 13:33:44.256   324   350 I netd    : bandwidthSetInterfaceQuota(eth0, 9223372036854775807) <1.53ms>
09-05 13:33:44.577   927  1142 D IpClient/wlan0: addressUpdated: fec0::4de2:eb24:4315:dffc/64 on ifindex 16 flags 0x00000001 scope 200
09-05 13:33:44.577   927  1142 D IpClient/wlan0: addressUpdated: fec0::aee7:986b:c622:d936/64 on ifindex 16 flags 0x00000900 scope 200
09-05 13:33:46.046   796   796 D StatusBarIconController: ignoring old pipeline callback because the new wifi icon is enabled
09-05 13:33:47.370   796   796 D StatusBarIconController: ignoring old pipeline callbacks, because the new mobile icons are enabled
09-05 13:33:47.371   796   850 D EGL_emulation: app_time_stats: avg=1053.55ms min=5.44ms max=3124.65ms count=3
09-05 13:33:49.050   796   796 D StatusBarIconController: ignoring old pipeline callback because the new wifi icon is enabled
09-05 13:33:50.529   781   781 I wpa_supplicant: wlan0: CTRL-EVENT-BEACON-LOSS 
09-05 13:33:53.340   506   779 D ActivityManager: sync unfroze 798 com.android.permissioncontroller for 6
09-05 13:33:53.342   506   779 D OomAdjuster: Not killing cached processes
09-05 13:33:53.348   798   960 I PermissionControllerServiceImpl: Updating user sensitive for user 0
09-05 13:33:55.059   796   796 D StatusBarIconController: ignoring old pipeline callback because the new wifi icon is enabled
09-05 13:33:57.362   796   796 D StatusBarIconController: ignoring old pipeline callbacks, because the new mobile icons are enabled
09-05 13:33:58.465   781   781 I wpa_supplicant: wlan0: CTRL-EVENT-BEACON-LOSS 
09-05 13:33:59.277   506   922 D WifiNl80211Manager: Scan result ready event
09-05 13:33:59.277   506   922 D WifiNative: Scan result ready event
09-05 13:33:59.521   506  1708 W BatteryExternalStatsWorker: error reading Bluetooth stats: 11
09-05 13:34:00.045   796   850 D EGL_emulation: app_time_stats: avg=12673.94ms min=12673.94ms max=12673.94ms count=1
09-05 13:34:01.070   796   796 D StatusBarIconController: ignoring old pipeline callback because the new wifi icon is enabled
09-05 13:34:03.483   506   779 D OomAdjuster: Not killing cached processes
09-05 13:34:04.079   796   796 D StatusBarIconController: ignoring old pipeline callback because the new wifi icon is enabled
09-05 13:34:07.092   796   796 D StatusBarIconController: ignoring old pipeline callback because the new wifi icon is enabled
09-05 13:34:07.365   796   796 D StatusBarIconController: ignoring old pipeline callbacks, because the new mobile icons are enabled
09-05 13:34:07.426   781   781 I wpa_supplicant: wlan0: CTRL-EVENT-BEACON-LOSS 
09-05 13:34:13.497   506   588 D ActivityManager: freezing 798 com.android.permissioncontroller
09-05 13:34:14.155   506   726 D ConnectivityService: handleLingerComplete for [101 CELLULAR]
09-05 13:34:14.155   506   726 I ConnectivityService: Update capabilities for net 101 : -FOREGROUND
09-05 13:34:14.166   324   350 I netd    : networkSetPermissionForNetwork(101, 1) <10.23ms>
09-05 13:34:15.362   781   781 I wpa_supplicant: wlan0: CTRL-EVENT-BEACON-LOSS 
09-05 13:34:16.111   796   796 D StatusBarIconController: ignoring old pipeline callback because the new wifi icon is enabled
09-05 13:34:17.369   796   796 D StatusBarIconController: ignoring old pipeline callbacks, because the new mobile icons are enabled
09-05 13:34:17.393   796   850 D EGL_emulation: app_time_stats: avg=17347.28ms min=17347.28ms max=17347.28ms count=1
09-05 13:34:19.118   796   796 D StatusBarIconController: ignoring old pipeline callback because the new wifi icon is enabled
09-05 13:34:19.298   506   922 D WifiNl80211Manager: Scan result ready event
09-05 13:34:19.298   506   922 D WifiNative: Scan result ready event
09-05 13:34:22.121   796   796 D StatusBarIconController: ignoring old pipeline callback because the new wifi icon is enabled
09-05 13:34:25.129   796   796 D StatusBarIconController: ignoring old pipeline callback because the new wifi icon is enabled
09-05 13:34:27.373   796   796 D StatusBarIconController: ignoring old pipeline callbacks, because the new mobile icons are enabled
09-05 13:34:27.393   781   781 I wpa_supplicant: wlan0: CTRL-EVENT-BEACON-LOSS 
09-05 13:34:35.330   781   781 I wpa_supplicant: wlan0: CTRL-EVENT-BEACON-LOSS 
09-05 13:34:37.379   796   796 D StatusBarIconController: ignoring old pipeline callbacks, because the new mobile icons are enabled
09-05 13:34:41.775     0     0 W healthd : battery l=100 v=5000 t=25.0 h=2 st=2 c=900000 fc=3000000 cc=10 chg=a
09-05 13:34:43.266   781   781 I wpa_supplicant: wlan0: CTRL-EVENT-BEACON-LOSS 
09-05 13:34:47.371   796   796 D StatusBarIconController: ignoring old pipeline callbacks, because the new mobile icons are enabled
09-05 13:34:49.183   796   796 D StatusBarIconController: ignoring old pipeline callback because the new wifi icon is enabled
09-05 13:34:51.458   781   781 I wpa_supplicant: wlan0: CTRL-EVENT-BEACON-LOSS 
09-05 13:34:52.191   796   796 D StatusBarIconController: ignoring old pipeline callback because the new wifi icon is enabled
09-05 13:34:55.203   796   796 D StatusBarIconController: ignoring old pipeline callback because the new wifi icon is enabled
09-05 13:34:57.390   796   796 D StatusBarIconController: ignoring old pipeline callbacks, because the new mobile icons are enabled
09-05 13:34:57.614   324  2264 W resolv  : SSL_connect ssl error =5, mark 0xf0066: Connection refused
09-05 13:34:57.614   324  2264 W resolv  : TLS Handshake failed
09-05 13:34:57.614   324  2264 W resolv  : query failed
09-05 13:34:57.614   324  2264 W resolv  : validateDnsTlsServer returned 0 for 10.0.2.3
09-05 13:34:57.614   324  2264 W resolv  : Validation failed
09-05 13:34:58.209   796   796 D StatusBarIconController: ignoring old pipeline callback because the new wifi icon is enabled
09-05 13:34:59.290   506  1708 D WifiNl80211Manager: Scan result ready event
09-05 13:34:59.290   506  1708 D WifiNative: Scan result ready event
09-05 13:35:00.055   796   850 D EGL_emulation: app_time_stats: avg=42662.11ms min=42662.11ms max=42662.11ms count=1
09-05 13:35:01.224   796   796 D StatusBarIconController: ignoring old pipeline callback because the new wifi icon is enabled
09-05 13:35:07.329   781   781 I wpa_supplicant: wlan0: CTRL-EVENT-BEACON-LOSS 
09-05 13:35:07.378   796   796 D StatusBarIconController: ignoring old pipeline callbacks, because the new mobile icons are enabled
09-05 13:35:15.521   781   781 I wpa_supplicant: wlan0: CTRL-EVENT-BEACON-LOSS 
09-05 13:35:17.371   796   796 D StatusBarIconController: ignoring old pipeline callbacks, because the new mobile icons are enabled
09-05 13:35:23.457   781   781 I wpa_supplicant: wlan0: CTRL-EVENT-BEACON-LOSS 
09-05 13:35:27.371   796   796 D StatusBarIconController: ignoring old pipeline callbacks, because the new mobile icons are enabled
09-05 13:35:31.393   781   781 I wpa_supplicant: wlan0: CTRL-EVENT-BEACON-LOSS 
09-05 13:35:37.376   796   796 D StatusBarIconController: ignoring old pipeline callbacks, because the new mobile icons are enabled
09-05 13:35:39.329   781   781 I wpa_supplicant: wlan0: CTRL-EVENT-BEACON-LOSS 
09-05 13:35:41.773     0     0 W healthd : battery l=100 v=5000 t=25.0 h=2 st=2 c=900000 fc=3000000 cc=10 chg=a
09-05 13:35:47.376   796   796 D StatusBarIconController: ignoring old pipeline callbacks, because the new mobile icons are enabled
09-05 13:35:47.522   781   781 I wpa_supplicant: wlan0: CTRL-EVENT-BEACON-LOSS 
09-05 13:35:52.320   796   796 D StatusBarIconController: ignoring old pipeline callback because the new wifi icon is enabled
09-05 13:35:55.325   796   796 D StatusBarIconController: ignoring old pipeline callback because the new wifi icon is enabled
09-05 13:35:55.457   781   781 I wpa_supplicant: wlan0: CTRL-EVENT-BEACON-LOSS 
09-05 13:35:57.392   796   796 D StatusBarIconController: ignoring old pipeline callbacks, because the new mobile icons are enabled
09-05 13:35:57.399   796   850 D EGL_emulation: app_time_stats: avg=57344.03ms min=57344.03ms max=57344.03ms count=1
09-05 13:36:00.054   796   850 D EGL_emulation: app_time_stats: avg=2654.78ms min=2654.78ms max=2654.78ms count=1
09-05 13:36:03.393   781   781 I wpa_supplicant: wlan0: CTRL-EVENT-BEACON-LOSS 
09-05 13:36:07.382   796   796 D StatusBarIconController: ignoring old pipeline callbacks, because the new mobile icons are enabled
09-05 13:36:11.329   781   781 I wpa_supplicant: wlan0: CTRL-EVENT-BEACON-LOSS 
09-05 13:36:17.389   796   796 D StatusBarIconController: ignoring old pipeline callbacks, because the new mobile icons are enabled
09-05 13:36:19.302   506  1708 D WifiNl80211Manager: Scan result ready event
09-05 13:36:19.302   506  1708 D WifiNative: Scan result ready event
09-05 13:36:25.383   796   796 D StatusBarIconController: ignoring old pipeline callback because the new wifi icon is enabled
09-05 13:36:27.390   796   796 D StatusBarIconController: ignoring old pipeline callbacks, because the new mobile icons are enabled
09-05 13:36:27.407   796   850 D EGL_emulation: app_time_stats: avg=27352.83ms min=27352.83ms max=27352.83ms count=1
09-05 13:36:27.457   781   781 I wpa_supplicant: wlan0: CTRL-EVENT-BEACON-LOSS 
09-05 13:36:28.390   796   796 D StatusBarIconController: ignoring old pipeline callback because the new wifi icon is enabled
09-05 13:36:35.393   781   781 I wpa_supplicant: wlan0: CTRL-EVENT-BEACON-LOSS 
09-05 13:36:37.384   796   796 D StatusBarIconController: ignoring old pipeline callbacks, because the new mobile icons are enabled
09-05 13:36:41.773     0     0 W healthd : battery l=100 v=5000 t=25.0 h=2 st=2 c=900000 fc=3000000 cc=10 chg=a
09-05 13:36:43.331   781   781 I wpa_supplicant: wlan0: CTRL-EVENT-BEACON-LOSS 
09-05 13:36:44.644     0     0 I logd    : logdr: UID=2000 GID=2000 PID=2276 n tail=0 logMask=99 pid=0 start=0ns deadline=0ns
=== END ===
